мая 17, 2026 8:33:48 PM university.users.User <init>
INFO: User created: Иван Админов (ID: A001)
мая 17, 2026 8:33:48 PM university.users.User <init>
INFO: User created: Дана Менеджерова (ID: M001)
мая 17, 2026 8:33:48 PM university.users.User <init>
INFO: User created: Пакиза Шамилова (ID: T001)
мая 17, 2026 8:33:48 PM university.users.Teacher addCourse
INFO: Course Object-Oriented Programming added to Teacher T001
мая 17, 2026 8:33:48 PM university.users.User <init>
INFO: User created: Алихан Инкарбеков (ID: S123)
мая 17, 2026 8:33:48 PM university.users.User <init>
INFO: User created: Алексей Фиксов (ID: TS001)
мая 17, 2026 8:33:48 PM university.users.Student registerCourse
INFO: Course Object-Oriented Programming registered for student S123
мая 17, 2026 9:50:09 PM university.users.User <init>
INFO: User created: Иван Админов (ID: A001)
мая 17, 2026 9:50:09 PM university.users.User <init>
INFO: User created: Дана Менеджерова (ID: M001)
мая 17, 2026 9:50:09 PM university.users.User <init>
INFO: User created: Пакиза Шамилова (ID: T001)
мая 17, 2026 9:50:09 PM university.users.Teacher addCourse
INFO: Course Object-Oriented Programming added to Teacher T001
мая 17, 2026 9:50:09 PM university.users.User <init>
INFO: User created: Алихан Инкарбеков (ID: S123)
мая 17, 2026 9:50:09 PM university.users.User <init>
INFO: User created: Алексей Фиксов (ID: TS001)
мая 17, 2026 9:50:09 PM university.users.Student registerCourse
INFO: Course Object-Oriented Programming registered for student S123
мая 17, 2026 10:17:11 PM university.users.User <init>
INFO: User created: Иван Админов (ID: A001)
мая 17, 2026 10:17:11 PM university.users.User <init>
INFO: User created: Дана Менеджерова (ID: M001)
мая 17, 2026 10:17:11 PM university.users.User <init>
INFO: User created: Пакиза Шамилова (ID: T001)
мая 17, 2026 10:17:11 PM university.users.Teacher addCourse
INFO: Course Object-Oriented Programming added to Teacher T001
мая 17, 2026 10:17:11 PM university.users.User <init>
INFO: User created: Алихан Инкарбеков (ID: S123)
мая 17, 2026 10:17:11 PM university.users.User <init>
INFO: User created: Алексей Фиксов (ID: TS001)
мая 17, 2026 10:17:11 PM university.users.Student registerCourse
INFO: Course Object-Oriented Programming registered for student S123
мая 17, 2026 10:21:13 PM university.users.User <init>
INFO: User created: Иван Админов (ID: A001)
мая 17, 2026 10:21:13 PM university.users.User <init>
INFO: User created: Дана Менеджерова (ID: M001)
мая 17, 2026 10:21:13 PM university.users.User <init>
INFO: User created: Пакиза Шамилова (ID: T001)
мая 17, 2026 10:21:13 PM university.users.Teacher addCourse
INFO: Course Object-Oriented Programming added to Teacher T001
мая 17, 2026 10:21:13 PM university.users.User <init>
INFO: User created: Алихан Инкарбеков (ID: S123)
мая 17, 2026 10:21:13 PM university.users.User <init>
INFO: User created: Алексей Фиксов (ID: TS001)
мая 17, 2026 10:21:13 PM university.users.Student registerCourse
INFO: Course Object-Oriented Programming registered for student S123
мая 17, 2026 10:30:56 PM university.users.User <init>
INFO: User created: Главный Администратор (ID: A001)
May 18, 2026 12:15:34 AM university.users.User <init>
INFO: User created: Admin Root (ID: A001)
May 18, 2026 12:15:34 AM university.users.User <init>
INFO: User created: Aigerim Bekova (ID: T001)
May 18, 2026 12:15:34 AM university.users.User <init>
INFO: User created: Daniyar Seitkali (ID: M001)
May 18, 2026 12:15:34 AM university.users.User <init>
INFO: User created: Amir Nurlan (ID: S001)
May 18, 2026 12:15:34 AM university.users.User <init>
INFO: User created: Marat Omarov (ID: TS001)
May 18, 2026 8:03:25 PM university.users.Student registerCourse
INFO: Course Object-Oriented Programming registered for student S001
May 18, 2026 8:05:02 PM university.users.User switchLanguage
INFO: User S001 switched language to KZ
May 18, 2026 8:26:07 PM university.users.User <init>
INFO: User created: Alice Sip (ID: B031833)
May 18, 2026 8:27:46 PM university.users.Teacher putMark
WARNING: Teacher Bekova cannot assign mark: they do not teach course Calculus
May 18, 2026 8:31:09 PM university.users.Student receiveMark
WARNING: Student B031833 is not registered for course Calculus
May 18, 2026 8:31:09 PM university.users.Teacher putMark
INFO: Teacher Bekova assigned mark to student B031833
